Warning: You are sending unauthenticated requests to the HF Hub. Please set a HF_TOKEN to enable higher rate limits and faster downloads.
Loading weights:   0%|          | 0/148 [00:00<?, ?it/s]Loading weights: 100%|██████████| 148/148 [00:00<00:00, 7681.50it/s]
[ok       ] basic.logit_lens  (0.1s)
[ok       ] basic.tuned_lens  (0.4s)
[ok       ] basic.jacobian_lens  (0.2s)
[ok       ] basic.direct_logit_attribution  (0.3s)
[ok       ] basic.attention_pattern_readout  (0.0s)
[ok       ] causal.activation_patching  (0.9s)
[ok       ] causal.attribution_patching  (0.7s)
[ok       ] causal.path_patching_qk  (2.2s)
[ok       ] causal.self_repair  (0.5s)
[ok       ] causal.interchange_intervention  (0.1s)
[ok       ] probing.linear_probe  (0.3s)
[ok       ] probing.sparse_probe  (0.2s)
[ok       ] probing.mdl_probe  (0.1s)
[ok       ] probing.probe_direction_causal_test  (0.2s)
[ok       ] steering.activation_addition  (0.2s)
[ok       ] steering.ablation_steering  (0.2s)
[ok       ] steering.affine_steering  (0.2s)
[ok       ] steering.multi_layer_steering  (0.8s)
[ok       ] steering.function_vector  (0.0s)
[ok       ] editing.leace  (0.3s)
[ok       ] editing.concept_ablation_edit  (0.1s)
[needs-more] editing.rome  (0.0s)
[ok       ] superposition.train_toy_sae  (6.1s)
[ok       ] superposition.public_sae_decompose  (1.0s)
[ok       ] superposition.feature_dashboard  (9.1s)
[needs-more] superposition.transcoder  (0.0s)
[needs-more] superposition.crosscoder  (0.0s)
[ok       ] feature_geometry.activation_dimensionality  (1.1s)
[ok       ] feature_geometry.feature_direction_geometry  (7.3s)
[ok       ] feature_geometry.neural_manifold  (0.2s)
[ok       ] hidden_state.logit_lens_trajectory  (0.1s)
[ok       ] hidden_state.patchscopes  (0.0s)
[ok       ] hidden_state.selfie_readback  (0.0s)
[ok       ] circuits.acdc  (6.0s)
[ok       ] circuits.eap  (0.8s)
[ok       ] circuits.synergy_eap  (6.7s)
[ok       ] circuits.qk_ov_decomposition  (26.4s)
[ok       ] circuits.circuit_faithfulness  (1.9s)
[ok       ] circuits.copy_suppression  (0.3s)
[ok       ] blackbox.counterfactual_resampling  (0.3s)
[ok       ] blackbox.minimal_pair_contrast  (0.0s)
[ok       ] weight_space.parameter_svd  (0.1s)
[ok       ] weight_space.weight_norm_profile  (0.0s)
[ok       ] weight_space.embedding_unembedding_alignment  (0.0s)
[ok       ] safety.refusal_direction  (0.1s)
[ok       ] safety.activation_anomaly_monitor  (0.2s)
[needs-more] safety.deception_detection  (0.0s)
[needs-more] safety.sleeper_agent_scan  (0.0s)

wrote experiments/techniques/techniques_gpt2_20260901_164004.json
wrote experiments/techniques/techniques_gpt2_20260901_164004.md
